// Jest Snapshot v1, https://goo.gl/fbAQLP

exports[`Home 新增產品按鈕是否顯示在管理者首頁畫面上 1`] = `Object {}`;
